// Jest Snapshot v1, https://goo.gl/fbAQLP

exports[`AccountView component should match snapshot 1`] = `ShallowWrapper {}`;

exports[`AccountView component should match snapshot 2`] = `ShallowWrapper {}`;
