// Jest Snapshot v1, https://goo.gl/fbAQLP

exports[`ViewSwitch component should match snapshot 1`] = `ShallowWrapper {}`;
